10
10
100
Index: 0 PosX: 19.4 PosY: 15.1 TerrainType: 0
Index: 1 PosX: 58.2 PosY: 15.1 TerrainType: 0
Index: 2 PosX: 97 PosY: 15.1 TerrainType: 0
Index: 3 PosX: 135.8 PosY: 15.1 TerrainType: 0
Index: 4 PosX: 174.6 PosY: 15.1 TerrainType: 0
Index: 5 PosX: 213.4 PosY: 15.1 TerrainType: 0
Index: 6 PosX: 252.2 PosY: 15.1 TerrainType: 0
Index: 7 PosX: 291 PosY: 15.1 TerrainType: 0
Index: 8 PosX: 329.8 PosY: 15.1 TerrainType: 0
Index: 9 PosX: 368.6 PosY: 15.1 TerrainType: 0
Index: 10 PosX: 19.4 PosY: 45.3 TerrainType: 0
Index: 11 PosX: 58.2 PosY: 45.3 TerrainType: 0
Index: -1 PosX: 97 PosY: 45.3 TerrainType: 1
Index: -1 PosX: 135.8 PosY: 45.3 TerrainType: 1
Index: -1 PosX: 174.6 PosY: 45.3 TerrainType: 1
Index: -1 PosX: 213.4 PosY: 45.3 TerrainType: 1
Index: -1 PosX: 252.2 PosY: 45.3 TerrainType: 1
Index: -1 PosX: 291 PosY: 45.3 TerrainType: 1
Index: -1 PosX: 329.8 PosY: 45.3 TerrainType: 1
Index: 19 PosX: 368.6 PosY: 45.3 TerrainType: 0
Index: 20 PosX: 19.4 PosY: 75.5 TerrainType: 0
Index: 21 PosX: 58.2 PosY: 75.5 TerrainType: 0
Index: -1 PosX: 97 PosY: 75.5 TerrainType: 1
Index: 23 PosX: 135.8 PosY: 75.5 TerrainType: 0
Index: 24 PosX: 174.6 PosY: 75.5 TerrainType: 0
Index: 25 PosX: 213.4 PosY: 75.5 TerrainType: 0
Index: 26 PosX: 252.2 PosY: 75.5 TerrainType: 0
Index: 27 PosX: 291 PosY: 75.5 TerrainType: 0
Index: 28 PosX: 329.8 PosY: 75.5 TerrainType: 0
Index: 29 PosX: 368.6 PosY: 75.5 TerrainType: 0
Index: 30 PosX: 19.4 PosY: 105.7 TerrainType: 0
Index: 31 PosX: 58.2 PosY: 105.7 TerrainType: 0
Index: -1 PosX: 97 PosY: 105.7 TerrainType: 1
Index: 33 PosX: 135.8 PosY: 105.7 TerrainType: 0
Index: 34 PosX: 174.6 PosY: 105.7 TerrainType: 0
Index: 35 PosX: 213.4 PosY: 105.7 TerrainType: 0
Index: 36 PosX: 252.2 PosY: 105.7 TerrainType: 0
Index: 37 PosX: 291 PosY: 105.7 TerrainType: 0
Index: 38 PosX: 329.8 PosY: 105.7 TerrainType: 0
Index: 39 PosX: 368.6 PosY: 105.7 TerrainType: 0
Index: 40 PosX: 19.4 PosY: 135.9 TerrainType: 0
Index: 41 PosX: 58.2 PosY: 135.9 TerrainType: 0
Index: -1 PosX: 97 PosY: 135.9 TerrainType: 1
Index: 43 PosX: 135.8 PosY: 135.9 TerrainType: 0
Index: 44 PosX: 174.6 PosY: 135.9 TerrainType: 0
Index: 45 PosX: 213.4 PosY: 135.9 TerrainType: 0
Index: 46 PosX: 252.2 PosY: 135.9 TerrainType: 0
Index: 47 PosX: 291 PosY: 135.9 TerrainType: 0
Index: 48 PosX: 329.8 PosY: 135.9 TerrainType: 0
Index: 49 PosX: 368.6 PosY: 135.9 TerrainType: 0
Index: 50 PosX: 19.4 PosY: 166.1 TerrainType: 0
Index: 51 PosX: 58.2 PosY: 166.1 TerrainType: 0
Index: -1 PosX: 97 PosY: 166.1 TerrainType: 1
Index: 53 PosX: 135.8 PosY: 166.1 TerrainType: 0
Index: 54 PosX: 174.6 PosY: 166.1 TerrainType: 0
Index: 55 PosX: 213.4 PosY: 166.1 TerrainType: 0
Index: 56 PosX: 252.2 PosY: 166.1 TerrainType: 0
Index: 57 PosX: 291 PosY: 166.1 TerrainType: 0
Index: 58 PosX: 329.8 PosY: 166.1 TerrainType: 0
Index: 59 PosX: 368.6 PosY: 166.1 TerrainType: 0
Index: 60 PosX: 19.4 PosY: 196.3 TerrainType: 0
Index: 61 PosX: 58.2 PosY: 196.3 TerrainType: 0
Index: -1 PosX: 97 PosY: 196.3 TerrainType: 1
Index: -1 PosX: 135.8 PosY: 196.3 TerrainType: 1
Index: -1 PosX: 174.6 PosY: 196.3 TerrainType: 1
Index: -1 PosX: 213.4 PosY: 196.3 TerrainType: 1
Index: -1 PosX: 252.2 PosY: 196.3 TerrainType: 1
Index: 67 PosX: 291 PosY: 196.3 TerrainType: 0
Index: 68 PosX: 329.8 PosY: 196.3 TerrainType: 0
Index: 69 PosX: 368.6 PosY: 196.3 TerrainType: 0
Index: 70 PosX: 19.4 PosY: 226.5 TerrainType: 0
Index: 71 PosX: 58.2 PosY: 226.5 TerrainType: 0
Index: 72 PosX: 97 PosY: 226.5 TerrainType: 0
Index: 73 PosX: 135.8 PosY: 226.5 TerrainType: 0
Index: 74 PosX: 174.6 PosY: 226.5 TerrainType: 0
Index: 75 PosX: 213.4 PosY: 226.5 TerrainType: 0
Index: -1 PosX: 252.2 PosY: 226.5 TerrainType: 1
Index: 77 PosX: 291 PosY: 226.5 TerrainType: 0
Index: 78 PosX: 329.8 PosY: 226.5 TerrainType: 0
Index: 79 PosX: 368.6 PosY: 226.5 TerrainType: 0
Index: 80 PosX: 19.4 PosY: 256.7 TerrainType: 0
Index: 81 PosX: 58.2 PosY: 256.7 TerrainType: 0
Index: -1 PosX: 97 PosY: 256.7 TerrainType: 1
Index: -1 PosX: 135.8 PosY: 256.7 TerrainType: 1
Index: -1 PosX: 174.6 PosY: 256.7 TerrainType: 1
Index: -1 PosX: 213.4 PosY: 256.7 TerrainType: 1
Index: -1 PosX: 252.2 PosY: 256.7 TerrainType: 1
Index: 87 PosX: 291 PosY: 256.7 TerrainType: 0
Index: 88 PosX: 329.8 PosY: 256.7 TerrainType: 0
Index: 89 PosX: 368.6 PosY: 256.7 TerrainType: 0
Index: 90 PosX: 19.4 PosY: 286.9 TerrainType: 0
Index: 91 PosX: 58.2 PosY: 286.9 TerrainType: 0
Index: 92 PosX: 97 PosY: 286.9 TerrainType: 0
Index: 93 PosX: 135.8 PosY: 286.9 TerrainType: 0
Index: 94 PosX: 174.6 PosY: 286.9 TerrainType: 0
Index: 95 PosX: 213.4 PosY: 286.9 TerrainType: 0
Index: 96 PosX: 252.2 PosY: 286.9 TerrainType: 0
Index: 97 PosX: 291 PosY: 286.9 TerrainType: 0
Index: 98 PosX: 329.8 PosY: 286.9 TerrainType: 0
Index: 99 PosX: 368.6 PosY: 286.9 TerrainType: 0
382
m_iFrom: 0 m_iTo: 1 m_dCost: 38.8
m_iFrom: 0 m_iTo: 10 m_dCost: 30.2
m_iFrom: 0 m_iTo: 11 m_dCost: 49.1679
m_iFrom: 1 m_iTo: 0 m_dCost: 38.8
m_iFrom: 1 m_iTo: 2 m_dCost: 38.8
m_iFrom: 1 m_iTo: 10 m_dCost: 49.1679
m_iFrom: 1 m_iTo: 11 m_dCost: 30.2
m_iFrom: 2 m_iTo: 1 m_dCost: 38.8
m_iFrom: 2 m_iTo: 3 m_dCost: 38.8
m_iFrom: 2 m_iTo: 11 m_dCost: 49.1679
m_iFrom: 3 m_iTo: 2 m_dCost: 38.8
m_iFrom: 3 m_iTo: 4 m_dCost: 38.8
m_iFrom: 4 m_iTo: 3 m_dCost: 38.8
m_iFrom: 4 m_iTo: 5 m_dCost: 38.8
m_iFrom: 5 m_iTo: 4 m_dCost: 38.8
m_iFrom: 5 m_iTo: 6 m_dCost: 38.8
m_iFrom: 6 m_iTo: 5 m_dCost: 38.8
m_iFrom: 6 m_iTo: 7 m_dCost: 38.8
m_iFrom: 7 m_iTo: 6 m_dCost: 38.8
m_iFrom: 7 m_iTo: 8 m_dCost: 38.8
m_iFrom: 8 m_iTo: 7 m_dCost: 38.8
m_iFrom: 8 m_iTo: 9 m_dCost: 38.8
m_iFrom: 8 m_iTo: 19 m_dCost: 49.1679
m_iFrom: 9 m_iTo: 8 m_dCost: 38.8
m_iFrom: 9 m_iTo: 19 m_dCost: 30.2
m_iFrom: 10 m_iTo: 0 m_dCost: 30.2
m_iFrom: 10 m_iTo: 1 m_dCost: 49.1679
m_iFrom: 10 m_iTo: 11 m_dCost: 38.8
m_iFrom: 10 m_iTo: 20 m_dCost: 30.2
m_iFrom: 10 m_iTo: 21 m_dCost: 49.1679
m_iFrom: 11 m_iTo: 0 m_dCost: 49.1679
m_iFrom: 11 m_iTo: 1 m_dCost: 30.2
m_iFrom: 11 m_iTo: 2 m_dCost: 49.1679
m_iFrom: 11 m_iTo: 10 m_dCost: 38.8
m_iFrom: 11 m_iTo: 20 m_dCost: 49.1679
m_iFrom: 11 m_iTo: 21 m_dCost: 30.2
m_iFrom: 19 m_iTo: 8 m_dCost: 49.1679
m_iFrom: 19 m_iTo: 9 m_dCost: 30.2
m_iFrom: 19 m_iTo: 28 m_dCost: 49.1679
m_iFrom: 19 m_iTo: 29 m_dCost: 30.2
m_iFrom: 20 m_iTo: 10 m_dCost: 30.2
m_iFrom: 20 m_iTo: 11 m_dCost: 49.1679
m_iFrom: 20 m_iTo: 21 m_dCost: 38.8
m_iFrom: 20 m_iTo: 30 m_dCost: 30.2
m_iFrom: 20 m_iTo: 31 m_dCost: 49.1679
m_iFrom: 21 m_iTo: 10 m_dCost: 49.1679
m_iFrom: 21 m_iTo: 11 m_dCost: 30.2
m_iFrom: 21 m_iTo: 20 m_dCost: 38.8
m_iFrom: 21 m_iTo: 30 m_dCost: 49.1679
m_iFrom: 21 m_iTo: 31 m_dCost: 30.2
m_iFrom: 23 m_iTo: 24 m_dCost: 38.8
m_iFrom: 23 m_iTo: 33 m_dCost: 30.2
m_iFrom: 23 m_iTo: 34 m_dCost: 49.1679
m_iFrom: 24 m_iTo: 23 m_dCost: 38.8
m_iFrom: 24 m_iTo: 25 m_dCost: 38.8
m_iFrom: 24 m_iTo: 33 m_dCost: 49.1679
m_iFrom: 24 m_iTo: 34 m_dCost: 30.2
m_iFrom: 24 m_iTo: 35 m_dCost: 49.1679
m_iFrom: 25 m_iTo: 24 m_dCost: 38.8
m_iFrom: 25 m_iTo: 26 m_dCost: 38.8
m_iFrom: 25 m_iTo: 34 m_dCost: 49.1679
m_iFrom: 25 m_iTo: 35 m_dCost: 30.2
m_iFrom: 25 m_iTo: 36 m_dCost: 49.1679
m_iFrom: 26 m_iTo: 25 m_dCost: 38.8
m_iFrom: 26 m_iTo: 27 m_dCost: 38.8
m_iFrom: 26 m_iTo: 35 m_dCost: 49.1679
m_iFrom: 26 m_iTo: 36 m_dCost: 30.2
m_iFrom: 26 m_iTo: 37 m_dCost: 49.1679
m_iFrom: 27 m_iTo: 26 m_dCost: 38.8
m_iFrom: 27 m_iTo: 28 m_dCost: 38.8
m_iFrom: 27 m_iTo: 36 m_dCost: 49.1679
m_iFrom: 27 m_iTo: 37 m_dCost: 30.2
m_iFrom: 27 m_iTo: 38 m_dCost: 49.1679
m_iFrom: 28 m_iTo: 19 m_dCost: 49.1679
m_iFrom: 28 m_iTo: 27 m_dCost: 38.8
m_iFrom: 28 m_iTo: 29 m_dCost: 38.8
m_iFrom: 28 m_iTo: 37 m_dCost: 49.1679
m_iFrom: 28 m_iTo: 38 m_dCost: 30.2
m_iFrom: 28 m_iTo: 39 m_dCost: 49.1679
m_iFrom: 29 m_iTo: 19 m_dCost: 30.2
m_iFrom: 29 m_iTo: 28 m_dCost: 38.8
m_iFrom: 29 m_iTo: 38 m_dCost: 49.1679
m_iFrom: 29 m_iTo: 39 m_dCost: 30.2
m_iFrom: 30 m_iTo: 20 m_dCost: 30.2
m_iFrom: 30 m_iTo: 21 m_dCost: 49.1679
m_iFrom: 30 m_iTo: 31 m_dCost: 38.8
m_iFrom: 30 m_iTo: 40 m_dCost: 30.2
m_iFrom: 30 m_iTo: 41 m_dCost: 49.1679
m_iFrom: 31 m_iTo: 20 m_dCost: 49.1679
m_iFrom: 31 m_iTo: 21 m_dCost: 30.2
m_iFrom: 31 m_iTo: 30 m_dCost: 38.8
m_iFrom: 31 m_iTo: 40 m_dCost: 49.1679
m_iFrom: 31 m_iTo: 41 m_dCost: 30.2
m_iFrom: 33 m_iTo: 23 m_dCost: 30.2
m_iFrom: 33 m_iTo: 24 m_dCost: 49.1679
m_iFrom: 33 m_iTo: 34 m_dCost: 38.8
m_iFrom: 33 m_iTo: 43 m_dCost: 30.2
m_iFrom: 33 m_iTo: 44 m_dCost: 49.1679
m_iFrom: 34 m_iTo: 23 m_dCost: 49.1679
m_iFrom: 34 m_iTo: 24 m_dCost: 30.2
m_iFrom: 34 m_iTo: 25 m_dCost: 49.1679
m_iFrom: 34 m_iTo: 33 m_dCost: 38.8
m_iFrom: 34 m_iTo: 35 m_dCost: 38.8
m_iFrom: 34 m_iTo: 43 m_dCost: 49.1679
m_iFrom: 34 m_iTo: 44 m_dCost: 30.2
m_iFrom: 34 m_iTo: 45 m_dCost: 49.1679
m_iFrom: 35 m_iTo: 24 m_dCost: 49.1679
m_iFrom: 35 m_iTo: 25 m_dCost: 30.2
m_iFrom: 35 m_iTo: 26 m_dCost: 49.1679
m_iFrom: 35 m_iTo: 34 m_dCost: 38.8
m_iFrom: 35 m_iTo: 36 m_dCost: 38.8
m_iFrom: 35 m_iTo: 44 m_dCost: 49.1679
m_iFrom: 35 m_iTo: 45 m_dCost: 30.2
m_iFrom: 35 m_iTo: 46 m_dCost: 49.1679
m_iFrom: 36 m_iTo: 25 m_dCost: 49.1679
m_iFrom: 36 m_iTo: 26 m_dCost: 30.2
m_iFrom: 36 m_iTo: 27 m_dCost: 49.1679
m_iFrom: 36 m_iTo: 35 m_dCost: 38.8
m_iFrom: 36 m_iTo: 37 m_dCost: 38.8
m_iFrom: 36 m_iTo: 45 m_dCost: 49.1679
m_iFrom: 36 m_iTo: 46 m_dCost: 30.2
m_iFrom: 36 m_iTo: 47 m_dCost: 49.1679
m_iFrom: 37 m_iTo: 26 m_dCost: 49.1679
m_iFrom: 37 m_iTo: 27 m_dCost: 30.2
m_iFrom: 37 m_iTo: 28 m_dCost: 49.1679
m_iFrom: 37 m_iTo: 36 m_dCost: 38.8
m_iFrom: 37 m_iTo: 38 m_dCost: 38.8
m_iFrom: 37 m_iTo: 46 m_dCost: 49.1679
m_iFrom: 37 m_iTo: 47 m_dCost: 30.2
m_iFrom: 37 m_iTo: 48 m_dCost: 49.1679
m_iFrom: 38 m_iTo: 27 m_dCost: 49.1679
m_iFrom: 38 m_iTo: 28 m_dCost: 30.2
m_iFrom: 38 m_iTo: 29 m_dCost: 49.1679
m_iFrom: 38 m_iTo: 37 m_dCost: 38.8
m_iFrom: 38 m_iTo: 39 m_dCost: 38.8
m_iFrom: 38 m_iTo: 47 m_dCost: 49.1679
m_iFrom: 38 m_iTo: 48 m_dCost: 30.2
m_iFrom: 38 m_iTo: 49 m_dCost: 49.1679
m_iFrom: 39 m_iTo: 28 m_dCost: 49.1679
m_iFrom: 39 m_iTo: 29 m_dCost: 30.2
m_iFrom: 39 m_iTo: 38 m_dCost: 38.8
m_iFrom: 39 m_iTo: 48 m_dCost: 49.1679
m_iFrom: 39 m_iTo: 49 m_dCost: 30.2
m_iFrom: 40 m_iTo: 30 m_dCost: 30.2
m_iFrom: 40 m_iTo: 31 m_dCost: 49.1679
m_iFrom: 40 m_iTo: 41 m_dCost: 38.8
m_iFrom: 40 m_iTo: 50 m_dCost: 30.2
m_iFrom: 40 m_iTo: 51 m_dCost: 49.1679
m_iFrom: 41 m_iTo: 30 m_dCost: 49.1679
m_iFrom: 41 m_iTo: 31 m_dCost: 30.2
m_iFrom: 41 m_iTo: 40 m_dCost: 38.8
m_iFrom: 41 m_iTo: 50 m_dCost: 49.1679
m_iFrom: 41 m_iTo: 51 m_dCost: 30.2
m_iFrom: 43 m_iTo: 33 m_dCost: 30.2
m_iFrom: 43 m_iTo: 34 m_dCost: 49.1679
m_iFrom: 43 m_iTo: 44 m_dCost: 38.8
m_iFrom: 43 m_iTo: 53 m_dCost: 30.2
m_iFrom: 43 m_iTo: 54 m_dCost: 49.1679
m_iFrom: 44 m_iTo: 33 m_dCost: 49.1679
m_iFrom: 44 m_iTo: 34 m_dCost: 30.2
m_iFrom: 44 m_iTo: 35 m_dCost: 49.1679
m_iFrom: 44 m_iTo: 43 m_dCost: 38.8
m_iFrom: 44 m_iTo: 45 m_dCost: 38.8
m_iFrom: 44 m_iTo: 53 m_dCost: 49.1679
m_iFrom: 44 m_iTo: 54 m_dCost: 30.2
m_iFrom: 44 m_iTo: 55 m_dCost: 49.1679
m_iFrom: 45 m_iTo: 34 m_dCost: 49.1679
m_iFrom: 45 m_iTo: 35 m_dCost: 30.2
m_iFrom: 45 m_iTo: 36 m_dCost: 49.1679
m_iFrom: 45 m_iTo: 44 m_dCost: 38.8
m_iFrom: 45 m_iTo: 46 m_dCost: 38.8
m_iFrom: 45 m_iTo: 54 m_dCost: 49.1679
m_iFrom: 45 m_iTo: 55 m_dCost: 30.2
m_iFrom: 45 m_iTo: 56 m_dCost: 49.1679
m_iFrom: 46 m_iTo: 35 m_dCost: 49.1679
m_iFrom: 46 m_iTo: 36 m_dCost: 30.2
m_iFrom: 46 m_iTo: 37 m_dCost: 49.1679
m_iFrom: 46 m_iTo: 45 m_dCost: 38.8
m_iFrom: 46 m_iTo: 47 m_dCost: 38.8
m_iFrom: 46 m_iTo: 55 m_dCost: 49.1679
m_iFrom: 46 m_iTo: 56 m_dCost: 30.2
m_iFrom: 46 m_iTo: 57 m_dCost: 49.1679
m_iFrom: 47 m_iTo: 36 m_dCost: 49.1679
m_iFrom: 47 m_iTo: 37 m_dCost: 30.2
m_iFrom: 47 m_iTo: 38 m_dCost: 49.1679
m_iFrom: 47 m_iTo: 46 m_dCost: 38.8
m_iFrom: 47 m_iTo: 48 m_dCost: 38.8
m_iFrom: 47 m_iTo: 56 m_dCost: 49.1679
m_iFrom: 47 m_iTo: 57 m_dCost: 30.2
m_iFrom: 47 m_iTo: 58 m_dCost: 49.1679
m_iFrom: 48 m_iTo: 37 m_dCost: 49.1679
m_iFrom: 48 m_iTo: 38 m_dCost: 30.2
m_iFrom: 48 m_iTo: 39 m_dCost: 49.1679
m_iFrom: 48 m_iTo: 47 m_dCost: 38.8
m_iFrom: 48 m_iTo: 49 m_dCost: 38.8
m_iFrom: 48 m_iTo: 57 m_dCost: 49.1679
m_iFrom: 48 m_iTo: 58 m_dCost: 30.2
m_iFrom: 48 m_iTo: 59 m_dCost: 49.1679
m_iFrom: 49 m_iTo: 38 m_dCost: 49.1679
m_iFrom: 49 m_iTo: 39 m_dCost: 30.2
m_iFrom: 49 m_iTo: 48 m_dCost: 38.8
m_iFrom: 49 m_iTo: 58 m_dCost: 49.1679
m_iFrom: 49 m_iTo: 59 m_dCost: 30.2
m_iFrom: 50 m_iTo: 40 m_dCost: 30.2
m_iFrom: 50 m_iTo: 41 m_dCost: 49.1679
m_iFrom: 50 m_iTo: 51 m_dCost: 38.8
m_iFrom: 50 m_iTo: 60 m_dCost: 30.2
m_iFrom: 50 m_iTo: 61 m_dCost: 49.1679
m_iFrom: 51 m_iTo: 40 m_dCost: 49.1679
m_iFrom: 51 m_iTo: 41 m_dCost: 30.2
m_iFrom: 51 m_iTo: 50 m_dCost: 38.8
m_iFrom: 51 m_iTo: 60 m_dCost: 49.1679
m_iFrom: 51 m_iTo: 61 m_dCost: 30.2
m_iFrom: 53 m_iTo: 43 m_dCost: 30.2
m_iFrom: 53 m_iTo: 44 m_dCost: 49.1679
m_iFrom: 53 m_iTo: 54 m_dCost: 38.8
m_iFrom: 54 m_iTo: 43 m_dCost: 49.1679
m_iFrom: 54 m_iTo: 44 m_dCost: 30.2
m_iFrom: 54 m_iTo: 45 m_dCost: 49.1679
m_iFrom: 54 m_iTo: 53 m_dCost: 38.8
m_iFrom: 54 m_iTo: 55 m_dCost: 38.8
m_iFrom: 55 m_iTo: 44 m_dCost: 49.1679
m_iFrom: 55 m_iTo: 45 m_dCost: 30.2
m_iFrom: 55 m_iTo: 46 m_dCost: 49.1679
m_iFrom: 55 m_iTo: 54 m_dCost: 38.8
m_iFrom: 55 m_iTo: 56 m_dCost: 38.8
m_iFrom: 56 m_iTo: 45 m_dCost: 49.1679
m_iFrom: 56 m_iTo: 46 m_dCost: 30.2
m_iFrom: 56 m_iTo: 47 m_dCost: 49.1679
m_iFrom: 56 m_iTo: 55 m_dCost: 38.8
m_iFrom: 56 m_iTo: 57 m_dCost: 38.8
m_iFrom: 56 m_iTo: 67 m_dCost: 49.1679
m_iFrom: 57 m_iTo: 46 m_dCost: 49.1679
m_iFrom: 57 m_iTo: 47 m_dCost: 30.2
m_iFrom: 57 m_iTo: 48 m_dCost: 49.1679
m_iFrom: 57 m_iTo: 56 m_dCost: 38.8
m_iFrom: 57 m_iTo: 58 m_dCost: 38.8
m_iFrom: 57 m_iTo: 67 m_dCost: 30.2
m_iFrom: 57 m_iTo: 68 m_dCost: 49.1679
m_iFrom: 58 m_iTo: 47 m_dCost: 49.1679
m_iFrom: 58 m_iTo: 48 m_dCost: 30.2
m_iFrom: 58 m_iTo: 49 m_dCost: 49.1679
m_iFrom: 58 m_iTo: 57 m_dCost: 38.8
m_iFrom: 58 m_iTo: 59 m_dCost: 38.8
m_iFrom: 58 m_iTo: 67 m_dCost: 49.1679
m_iFrom: 58 m_iTo: 68 m_dCost: 30.2
m_iFrom: 58 m_iTo: 69 m_dCost: 49.1679
m_iFrom: 59 m_iTo: 48 m_dCost: 49.1679
m_iFrom: 59 m_iTo: 49 m_dCost: 30.2
m_iFrom: 59 m_iTo: 58 m_dCost: 38.8
m_iFrom: 59 m_iTo: 68 m_dCost: 49.1679
m_iFrom: 59 m_iTo: 69 m_dCost: 30.2
m_iFrom: 60 m_iTo: 50 m_dCost: 30.2
m_iFrom: 60 m_iTo: 51 m_dCost: 49.1679
m_iFrom: 60 m_iTo: 61 m_dCost: 38.8
m_iFrom: 60 m_iTo: 70 m_dCost: 30.2
m_iFrom: 60 m_iTo: 71 m_dCost: 49.1679
m_iFrom: 61 m_iTo: 50 m_dCost: 49.1679
m_iFrom: 61 m_iTo: 51 m_dCost: 30.2
m_iFrom: 61 m_iTo: 60 m_dCost: 38.8
m_iFrom: 61 m_iTo: 70 m_dCost: 49.1679
m_iFrom: 61 m_iTo: 71 m_dCost: 30.2
m_iFrom: 61 m_iTo: 72 m_dCost: 49.1679
m_iFrom: 67 m_iTo: 56 m_dCost: 49.1679
m_iFrom: 67 m_iTo: 57 m_dCost: 30.2
m_iFrom: 67 m_iTo: 58 m_dCost: 49.1679
m_iFrom: 67 m_iTo: 68 m_dCost: 38.8
m_iFrom: 67 m_iTo: 77 m_dCost: 30.2
m_iFrom: 67 m_iTo: 78 m_dCost: 49.1679
m_iFrom: 68 m_iTo: 57 m_dCost: 49.1679
m_iFrom: 68 m_iTo: 58 m_dCost: 30.2
m_iFrom: 68 m_iTo: 59 m_dCost: 49.1679
m_iFrom: 68 m_iTo: 67 m_dCost: 38.8
m_iFrom: 68 m_iTo: 69 m_dCost: 38.8
m_iFrom: 68 m_iTo: 77 m_dCost: 49.1679
m_iFrom: 68 m_iTo: 78 m_dCost: 30.2
m_iFrom: 68 m_iTo: 79 m_dCost: 49.1679
m_iFrom: 69 m_iTo: 58 m_dCost: 49.1679
m_iFrom: 69 m_iTo: 59 m_dCost: 30.2
m_iFrom: 69 m_iTo: 68 m_dCost: 38.8
m_iFrom: 69 m_iTo: 78 m_dCost: 49.1679
m_iFrom: 69 m_iTo: 79 m_dCost: 30.2
m_iFrom: 70 m_iTo: 60 m_dCost: 30.2
m_iFrom: 70 m_iTo: 61 m_dCost: 49.1679
m_iFrom: 70 m_iTo: 71 m_dCost: 38.8
m_iFrom: 70 m_iTo: 80 m_dCost: 30.2
m_iFrom: 70 m_iTo: 81 m_dCost: 49.1679
m_iFrom: 71 m_iTo: 60 m_dCost: 49.1679
m_iFrom: 71 m_iTo: 61 m_dCost: 30.2
m_iFrom: 71 m_iTo: 70 m_dCost: 38.8
m_iFrom: 71 m_iTo: 72 m_dCost: 38.8
m_iFrom: 71 m_iTo: 80 m_dCost: 49.1679
m_iFrom: 71 m_iTo: 81 m_dCost: 30.2
m_iFrom: 72 m_iTo: 61 m_dCost: 49.1679
m_iFrom: 72 m_iTo: 71 m_dCost: 38.8
m_iFrom: 72 m_iTo: 73 m_dCost: 38.8
m_iFrom: 72 m_iTo: 81 m_dCost: 49.1679
m_iFrom: 73 m_iTo: 72 m_dCost: 38.8
m_iFrom: 73 m_iTo: 74 m_dCost: 38.8
m_iFrom: 74 m_iTo: 73 m_dCost: 38.8
m_iFrom: 74 m_iTo: 75 m_dCost: 38.8
m_iFrom: 75 m_iTo: 74 m_dCost: 38.8
m_iFrom: 77 m_iTo: 67 m_dCost: 30.2
m_iFrom: 77 m_iTo: 68 m_dCost: 49.1679
m_iFrom: 77 m_iTo: 78 m_dCost: 38.8
m_iFrom: 77 m_iTo: 87 m_dCost: 30.2
m_iFrom: 77 m_iTo: 88 m_dCost: 49.1679
m_iFrom: 78 m_iTo: 67 m_dCost: 49.1679
m_iFrom: 78 m_iTo: 68 m_dCost: 30.2
m_iFrom: 78 m_iTo: 69 m_dCost: 49.1679
m_iFrom: 78 m_iTo: 77 m_dCost: 38.8
m_iFrom: 78 m_iTo: 79 m_dCost: 38.8
m_iFrom: 78 m_iTo: 87 m_dCost: 49.1679
m_iFrom: 78 m_iTo: 88 m_dCost: 30.2
m_iFrom: 78 m_iTo: 89 m_dCost: 49.1679
m_iFrom: 79 m_iTo: 68 m_dCost: 49.1679
m_iFrom: 79 m_iTo: 69 m_dCost: 30.2
m_iFrom: 79 m_iTo: 78 m_dCost: 38.8
m_iFrom: 79 m_iTo: 88 m_dCost: 49.1679
m_iFrom: 79 m_iTo: 89 m_dCost: 30.2
m_iFrom: 80 m_iTo: 70 m_dCost: 30.2
m_iFrom: 80 m_iTo: 71 m_dCost: 49.1679
m_iFrom: 80 m_iTo: 81 m_dCost: 38.8
m_iFrom: 80 m_iTo: 90 m_dCost: 30.2
m_iFrom: 80 m_iTo: 91 m_dCost: 49.1679
m_iFrom: 81 m_iTo: 70 m_dCost: 49.1679
m_iFrom: 81 m_iTo: 71 m_dCost: 30.2
m_iFrom: 81 m_iTo: 72 m_dCost: 49.1679
m_iFrom: 81 m_iTo: 80 m_dCost: 38.8
m_iFrom: 81 m_iTo: 90 m_dCost: 49.1679
m_iFrom: 81 m_iTo: 91 m_dCost: 30.2
m_iFrom: 81 m_iTo: 92 m_dCost: 49.1679
m_iFrom: 87 m_iTo: 77 m_dCost: 30.2
m_iFrom: 87 m_iTo: 78 m_dCost: 49.1679
m_iFrom: 87 m_iTo: 88 m_dCost: 38.8
m_iFrom: 87 m_iTo: 96 m_dCost: 49.1679
m_iFrom: 87 m_iTo: 97 m_dCost: 30.2
m_iFrom: 87 m_iTo: 98 m_dCost: 49.1679
m_iFrom: 88 m_iTo: 77 m_dCost: 49.1679
m_iFrom: 88 m_iTo: 78 m_dCost: 30.2
m_iFrom: 88 m_iTo: 79 m_dCost: 49.1679
m_iFrom: 88 m_iTo: 87 m_dCost: 38.8
m_iFrom: 88 m_iTo: 89 m_dCost: 38.8
m_iFrom: 88 m_iTo: 97 m_dCost: 49.1679
m_iFrom: 88 m_iTo: 98 m_dCost: 30.2
m_iFrom: 88 m_iTo: 99 m_dCost: 49.1679
m_iFrom: 89 m_iTo: 78 m_dCost: 49.1679
m_iFrom: 89 m_iTo: 79 m_dCost: 30.2
m_iFrom: 89 m_iTo: 88 m_dCost: 38.8
m_iFrom: 89 m_iTo: 98 m_dCost: 49.1679
m_iFrom: 89 m_iTo: 99 m_dCost: 30.2
m_iFrom: 90 m_iTo: 80 m_dCost: 30.2
m_iFrom: 90 m_iTo: 81 m_dCost: 49.1679
m_iFrom: 90 m_iTo: 91 m_dCost: 38.8
m_iFrom: 91 m_iTo: 80 m_dCost: 49.1679
m_iFrom: 91 m_iTo: 81 m_dCost: 30.2
m_iFrom: 91 m_iTo: 90 m_dCost: 38.8
m_iFrom: 91 m_iTo: 92 m_dCost: 38.8
m_iFrom: 92 m_iTo: 81 m_dCost: 49.1679
m_iFrom: 92 m_iTo: 91 m_dCost: 38.8
m_iFrom: 92 m_iTo: 93 m_dCost: 38.8
m_iFrom: 93 m_iTo: 92 m_dCost: 38.8
m_iFrom: 93 m_iTo: 94 m_dCost: 38.8
m_iFrom: 94 m_iTo: 93 m_dCost: 38.8
m_iFrom: 94 m_iTo: 95 m_dCost: 38.8
m_iFrom: 95 m_iTo: 94 m_dCost: 38.8
m_iFrom: 95 m_iTo: 96 m_dCost: 38.8
m_iFrom: 96 m_iTo: 87 m_dCost: 49.1679
m_iFrom: 96 m_iTo: 95 m_dCost: 38.8
m_iFrom: 96 m_iTo: 97 m_dCost: 38.8
m_iFrom: 97 m_iTo: 87 m_dCost: 30.2
m_iFrom: 97 m_iTo: 88 m_dCost: 49.1679
m_iFrom: 97 m_iTo: 96 m_dCost: 38.8
m_iFrom: 97 m_iTo: 98 m_dCost: 38.8
m_iFrom: 98 m_iTo: 87 m_dCost: 49.1679
m_iFrom: 98 m_iTo: 88 m_dCost: 30.2
m_iFrom: 98 m_iTo: 89 m_dCost: 49.1679
m_iFrom: 98 m_iTo: 97 m_dCost: 38.8
m_iFrom: 98 m_iTo: 99 m_dCost: 38.8
m_iFrom: 99 m_iTo: 88 m_dCost: 49.1679
m_iFrom: 99 m_iTo: 89 m_dCost: 30.2
m_iFrom: 99 m_iTo: 98 m_dCost: 38.8
